============================= test session starts =============================
platform win32 -- Python 3.12.7, pytest-9.0.2, pluggy-1.6.0 -- C:\Users\semen\Desktop\Programing\ArtShop\backend\venv\Scripts\python.exe
cachedir: .pytest_cache
rootdir: C:\Users\semen\Desktop\Programing\ArtShop\backend
configfile: pytest.ini
plugins: anyio-4.12.0, asyncio-1.3.0, dotenv-0.5.2
asyncio: mode=Mode.AUTO, debug=False, asyncio_default_fixture_loop_scope=None, asyncio_default_test_loop_scope=function
collecting ... collected 5 items

tests/integration_tests/artworks/test_api.py::test_add_order PASSED      [ 20%]
tests/integration_tests/artworks/test_api.py::test_order_exceeds_artwork_quantity FAILED [ 40%]
tests/integration_tests/artworks/test_api.py::test_create_and_get_my_orders[1-artwork_ids0] PASSED [ 60%]
tests/integration_tests/artworks/test_api.py::test_create_and_get_my_orders[2-artwork_ids1] PASSED [ 80%]
tests/integration_tests/artworks/test_api.py::test_create_and_get_my_orders[3-artwork_ids2] PASSED [100%]

================================== FAILURES ===================================
_____________________ test_order_exceeds_artwork_quantity _____________________

authenticated_ac = <httpx.AsyncClient object at 0x000002154C31E450>

    async def test_order_exceeds_artwork_quantity(authenticated_ac):
        """Artwork 1 original gets sold, so second order should fail."""
        # First order — should succeed
        response1 = await authenticated_ac.post(
            "/orders",
            json=get_base_payload(1, "original"),
        )
>       assert response1.status_code == 200
E       assert 409 == 200
E        +  where 409 = <Response [409 Conflict]>.status_code

tests\integration_tests\artworks\test_api.py:39: AssertionError
---------------------------- Captured stdout call -----------------------------
2026-04-01 23:39:34 | DEBUG    | src.main:log_requests:71 | Request: POST http://test/orders Origin: None
=========================== short test summary info ===========================
FAILED tests/integration_tests/artworks/test_api.py::test_order_exceeds_artwork_quantity
========================= 1 failed, 4 passed in 2.09s =========================
